// Jest Snapshot v1, https://goo.gl/fbAQLP

exports[`ThemedView Renders Snapshot 1`] = `
<View
  className=""
>
  <View />
</View>
`;
